------------------------------------------------------------
Timing Analyzer Summary
------------------------------------------------------------

Type  : Slow 1200mV 85C Model Setup 'clk'
Slack : 4.757
TNS   : 0.000

Type  : Slow 1200mV 85C Model Hold 'clk'
Slack : 0.403
TNS   : 0.000

Type  : Slow 1200mV 85C Model Recovery 'clk'
Slack : 15.549
TNS   : 0.000

Type  : Slow 1200mV 85C Model Removal 'clk'
Slack : 1.562
TNS   : 0.000

Type  : Slow 1200mV 85C Model Minimum Pulse Width 'clk'
Slack : 4.831
TNS   : 0.000

Type  : Slow 1200mV 0C Model Setup 'clk'
Slack : 5.942
TNS   : 0.000

Type  : Slow 1200mV 0C Model Hold 'clk'
Slack : 0.354
TNS   : 0.000

Type  : Slow 1200mV 0C Model Recovery 'clk'
Slack : 15.984
TNS   : 0.000

Type  : Slow 1200mV 0C Model Removal 'clk'
Slack : 1.431
TNS   : 0.000

Type  : Slow 1200mV 0C Model Minimum Pulse Width 'clk'
Slack : 4.814
TNS   : 0.000

Type  : Fast 1200mV 0C Model Setup 'clk'
Slack : 10.492
TNS   : 0.000

Type  : Fast 1200mV 0C Model Hold 'clk'
Slack : 0.182
TNS   : 0.000

Type  : Fast 1200mV 0C Model Recovery 'clk'
Slack : 17.694
TNS   : 0.000

Type  : Fast 1200mV 0C Model Removal 'clk'
Slack : 0.741
TNS   : 0.000

Type  : Fast 1200mV 0C Model Minimum Pulse Width 'clk'
Slack : 5.000
TNS   : 0.000

------------------------------------------------------------
